// Jest Snapshot v1, https://goo.gl/fbAQLP

exports[`calculateAll Not an anagram! returns expected 1`] = `
Array [
  "This is not an anagram",
  "this is not an anagram",
  "tis is not an anagram",
  "its is not an anagram",
  "it sis not an anagram",
  "it iss not an anagram",
  "it is not an anagram",
  "it i snot an anagram",
  "it i nsot an anagram",
  "it i nsto an anagram",
  "it i nst oan anagram",
  "it i nst aon anagram",
  "it i nst ano anagram",
  "it i nst anoanagram",
  "it i nst anonagram",
  "it i nst anoagram",
  "it i nst anogram",
  "it i nst anoram",
  "it i nst anroam",
  "it i nst anrom",
  "it i nst anro",
  "it in st anro",
  "it in ts anro",
  "it in tsa nro",
  "it in tsa rno",
  "it int sa rno",
  "it int as rno",
  "it int asr no",
  "it itn asr no",
  "it itna sr no",
  "it itna rs no",
  "it tina rs no",
  "it tian rs no",
  "it tianr s no",
  "it tainr s no",
  "it tairn s no",
  "it tarin s no",
  "it train s no",
  "it rtain s no",
  "it crtain s no",
  "it certain s no",
  "it certainl s no",
  "it certainly s no",
  "it certainly is no",
  "it certainly is not",
  "it certainly is not!",
  "It certainly is not!",
]
`;

exports[`calculateAll Rome example returns expected 1`] = `
Array [
  "More",
  "more",
  "omre",
  "orme",
  "rome",
  "rome!",
  "Rome!",
]
`;
